// Jest Snapshot v1, https://goo.gl/fbAQLP

exports[`match snapshot 1`] = `
<DocumentFragment>
  .c0 {
  border: 1px solid #e0e0e0;
  border-left: 5px solid #ffc107;
  background-color: #fff;
}

.c0:first-child {
  margin-top: 0;
}

.c0:first-child {
  margin-bottom: 0;
}

.c1 {
  display: -webkit-box;
  display: -webkit-flex;
  display: -ms-flexbox;
  display: flex;
  -webkit-align-items: center;
  -webkit-box-align: center;
  -ms-flex-align: center;
  align-items: center;
  padding: 16px;
  cursor: pointer;
}

.c1 h6 {
  margin: 0;
  -webkit-flex: 1;
  -ms-flex: 1;
  flex: 1;
}

.c1 svg {
  font-size: 1.25rem;
}

<div
    class="c0"
  >
    <div
      class="c1"
      role="button"
    >
      <h6>
        Title
      </h6>
      <svg
        fill="currentColor"
        height="1em"
        stroke="currentColor"
        stroke-width="0"
        viewBox="0 0 24 24"
        width="1em"
        xmlns="http://www.w3.org/2000/svg"
      >
        <path
          d="M16.59 8.59L12 13.17 7.41 8.59 6 10l6 6 6-6z"
        />
      </svg>
    </div>
  </div>
</DocumentFragment>
`;
